// Jest Snapshot v1, https://goo.gl/fbAQLP

exports[`<MenuButton /> it matches the snapshot 1`] = `
<select
  onChange={[Function]}
  onMouseDown={[Function]}
  style={
    Object {
      "color": "#000000",
      "width": "100%",
    }
  }
  value={0}
>
  <option
    value={0}
  >
    zero
  </option>
  <option
    value={1}
  >
    one
  </option>
  <option
    value={2}
  >
    two
  </option>
  <option
    value={3}
  >
    three
  </option>
  <option
    value={4}
  >
    four
  </option>
  <option
    value={5}
  >
    five
  </option>
</select>
`;
