// Jest Snapshot v1, https://goo.gl/fbAQLP

exports[`<ImageComponent /> it matches the snapshot 1`] = `
<div
  style={
    Object {
      "overflow": "auto",
      "textAlign": "left",
    }
  }
>
  <img
    src="http://localhost:3000/img/myimage"
    style={
      Object {
        "height": undefined,
        "transform": "rotate(0deg) scaleX(1) scaleY(1)",
        "width": undefined,
      }
    }
  />
</div>
`;
