// Jest Snapshot v1, https://goo.gl/fbAQLP

exports[`<Input Input /> it matches the snapshot 1`] = `
<input
  className="Input Input"
  onBlur={[Function]}
  onChange={[Function]}
  onClick={[Function]}
  onKeyDown={[Function]}
  readOnly={false}
  style={
    Object {
      "backgroundColor": undefined,
      "color": undefined,
    }
  }
  type="text"
  value="hello"
/>
`;
