// Jest Snapshot v1, https://goo.gl/fbAQLP

exports[`<GroupingContainerComponent /> it matches the snapshot 1`] = `
<fieldset
  style={
    Object {
      "boxSizing": "border-box",
    }
  }
>
  <legend>
    Test
  </legend>
  <div
    style={
      Object {
        "left": "20px",
        "position": "absolute",
        "top": "20px",
      }
    }
  />
</fieldset>
`;
