// Jest Snapshot v1, https://goo.gl/fbAQLP

exports[`<CheckboxComponent /> doesn't create a label if there is no text 1`] = `"No instances found with node type: \\"LabelComponent\\""`;

exports[`<CheckboxComponent /> matches snapshot 1`] = `
<div>
  <label
    className="MuiFormControlLabel-root"
    style={
      Object {
        "height": "20px",
        "width": "15px",
      }
    }
  >
    <span
      aria-disabled={false}
      className="MuiButtonBase-root MuiIconButton-root PrivateSwitchBase-root-3 MuiCheckbox-root makeStyles-root-1 MuiCheckbox-colorSecondary MuiIconButton-colorSecondary"
      onBlur={[Function]}
      onDragLeave={[Function]}
      onFocus={[Function]}
      onKeyDown={[Function]}
      onKeyUp={[Function]}
      onMouseDown={[Function]}
      onMouseLeave={[Function]}
      onMouseUp={[Function]}
      onTouchEnd={[Function]}
      onTouchMove={[Function]}
      onTouchStart={[Function]}
      tabIndex={null}
    >
      <span
        className="MuiIconButton-label"
      >
        <input
          checked={false}
          className="PrivateSwitchBase-input-6"
          data-indeterminate={false}
          onChange={[Function]}
          type="checkbox"
        />
        <svg
          aria-hidden={true}
          className="MuiSvgIcon-root"
          focusable="false"
          viewBox="0 0 24 24"
        >
          <path
            d="M19 5v14H5V5h14m0-2H5c-1.1 0-2 .9-2 2v14c0 1.1.9 2 2 2h14c1.1 0 2-.9 2-2V5c0-1.1-.9-2-2-2z"
          />
        </svg>
      </span>
    </span>
    <span
      className="MuiTypography-root MuiFormControlLabel-label MuiTypography-body1"
    >
      <div
        className="Label Label"
        style={
          Object {
            "backgroundColor": undefined,
            "color": undefined,
            "justifyContent": "center",
            "outline": undefined,
            "outlineOffset": undefined,
            "visibility": undefined,
          }
        }
      >
        Here is a label
      </div>
    </span>
  </label>
</div>
`;
