// Jest Snapshot v1, https://goo.gl/fbAQLP

exports[`<CheckboxComponent /> doesn't create a label if there is no text 1`] = `
"Unable to find an accessible element with the role \\"checkbox\\" and name \`/Here is a label/i\`

Here are the accessible roles:

  checkbox:

  Name \\"\\":
  [36m<input[39m
    [33mclass[39m=[32m\\"PrivateSwitchBase-input-6\\"[39m
    [33mdata-indeterminate[39m=[32m\\"false\\"[39m
    [33mtype[39m=[32m\\"checkbox\\"[39m
    [33mvalue[39m=[32m\\"\\"[39m
  [36m/>[39m

  --------------------------------------------------

[36m<body>[39m
  [36m<div>[39m
    [36m<div>[39m
      [36m<label[39m
        [33mclass[39m=[32m\\"MuiFormControlLabel-root\\"[39m
        [33mstyle[39m=[32m\\"width: 10px; height: 10px;\\"[39m
      [36m>[39m
        [36m<span[39m
          [33maria-disabled[39m=[32m\\"false\\"[39m
          [33mclass[39m=[32m\\"MuiButtonBase-root MuiIconButton-root PrivateSwitchBase-root-3 MuiCheckbox-root makeStyles-root-1 MuiCheckbox-colorSecondary MuiIconButton-colorSecondary\\"[39m
        [36m>[39m
          [36m<span[39m
            [33mclass[39m=[32m\\"MuiIconButton-label\\"[39m
          [36m>[39m
            [36m<input[39m
              [33mclass[39m=[32m\\"PrivateSwitchBase-input-6\\"[39m
              [33mdata-indeterminate[39m=[32m\\"false\\"[39m
              [33mtype[39m=[32m\\"checkbox\\"[39m
              [33mvalue[39m=[32m\\"\\"[39m
            [36m/>[39m
            [36m<svg[39m
              [33maria-hidden[39m=[32m\\"true\\"[39m
              [33mclass[39m=[32m\\"MuiSvgIcon-root\\"[39m
              [33mfocusable[39m=[32m\\"false\\"[39m
              [33mviewBox[39m=[32m\\"0 0 24 24\\"[39m
            [36m>[39m
              [36m<path[39m
                [33md[39m=[32m\\"M19 5v14H5V5h14m0-2H5c-1.1 0-2 .9-2 2v14c0 1.1.9 2 2 2h14c1.1 0 2-.9 2-2V5c0-1.1-.9-2-2-2z\\"[39m
              [36m/>[39m
            [36m</svg>[39m
          [36m</span>[39m
        [36m</span>[39m
        [36m<span[39m
          [33mclass[39m=[32m\\"MuiTypography-root MuiFormControlLabel-label MuiTypography-body1\\"[39m
        [36m/>[39m
      [36m</label>[39m
    [36m</div>[39m
  [36m</div>[39m
[36m</body>[39m"
`;

exports[`<CheckboxComponent /> matches snapshot 1`] = `
<DocumentFragment>
  <div>
    <label
      class="MuiFormControlLabel-root"
      style="width: 15px; height: 20px;"
    >
      <span
        aria-disabled="false"
        class="MuiButtonBase-root MuiIconButton-root PrivateSwitchBase-root-3 MuiCheckbox-root makeStyles-root-1 MuiCheckbox-colorSecondary MuiIconButton-colorSecondary"
      >
        <span
          class="MuiIconButton-label"
        >
          <input
            class="PrivateSwitchBase-input-6"
            data-indeterminate="false"
            type="checkbox"
            value=""
          />
          <svg
            aria-hidden="true"
            class="MuiSvgIcon-root"
            focusable="false"
            viewBox="0 0 24 24"
          >
            <path
              d="M19 5v14H5V5h14m0-2H5c-1.1 0-2 .9-2 2v14c0 1.1.9 2 2 2h14c1.1 0 2-.9 2-2V5c0-1.1-.9-2-2-2z"
            />
          </svg>
        </span>
      </span>
      <span
        class="MuiTypography-root MuiFormControlLabel-label MuiTypography-body1"
      >
        <div
          class="Label Label"
          style="justify-content: center;"
        >
          Here is a label
        </div>
      </span>
    </label>
  </div>
</DocumentFragment>
`;
