// Jest Snapshot v1, https://goo.gl/fbAQLP

exports[`<Header /> it matches the snapshot 1`] = `
<header
  className="header"
>
  <div
    className="imgWrapper"
  >
    <img
      alt="Diamond logo"
      className="img"
      src="img/Diamond_logo_col.jpg"
    />
  </div>
  <h1
    className="h1"
  >
    cs-web-proto
  </h1>
  <div
    className="buttonWrapper"
  >
    <button
      onClick={[Function]}
      type="button"
    >
      Toggle Theme
    </button>
    <button
      onClick={[Function]}
      type="button"
    >
      Show outlines
    </button>
  </div>
</header>
`;
