// Jest Snapshot v1, https://goo.gl/fbAQLP

exports[`snapshot matches 1`] = `
<div
  className="BaseWidget"
  onClick={[Function]}
  style={Object {}}
>
  <span
    className="tooltiptext"
  >
    mypv
    <br />
    [
    hello, 8/21/2019, 9:29:10 AM
    ]
  </span>
  <div>
    mypv
    : 
    hello
  </div>
</div>
`;
