// Jest Snapshot v1, https://goo.gl/fbAQLP

exports[`snapshot matches 1`] = `
<div
  className="BaseWidget"
  onClick={[Function]}
  style={Object {}}
>
  <span
    className="tooltiptext"
  >
    mypv
    <br />
    [
    hello, 2019-08-21 11:58:00
    ]
  </span>
  <div>
    mypv
    : 
    hello
  </div>
</div>
`;
