// Jest Snapshot v1, https://goo.gl/fbAQLP

exports[`<Display /> it matches the snapshot 1`] = `
<div
  style={
    Object {
      "backgroundColor": undefined,
      "height": "100%",
      "opacity": undefined,
      "overflow": undefined,
      "position": "relative",
      "visibility": undefined,
    }
  }
>
  <div
    className=""
    onMouseDown={[Function]}
    onMouseUp={[Function]}
    style={
      Object {
        "height": "",
        "margin": "",
        "maxWidth": "",
        "minHeight": "",
        "minWidth": "",
        "padding": "",
        "position": "relative",
        "width": "",
      }
    }
  >
    <div
      className="Label Label"
      style={
        Object {
          "backgroundColor": undefined,
          "color": undefined,
          "justifyContent": "center",
          "opacity": undefined,
          "visibility": undefined,
        }
      }
    >
      hello
    </div>
  </div>
</div>
`;
