// Jest Snapshot v1, https://goo.gl/fbAQLP

exports[`<GroupingContainerComponent /> it matches the snapshot 1`] = `
<div
  style={
    Object {
      "backgroundColor": undefined,
      "color": undefined,
      "outline": undefined,
      "outlineOffset": undefined,
      "visibility": undefined,
    }
  }
/>
`;
