// Jest Snapshot v1, https://goo.gl/fbAQLP

exports[`<GroupingContainerComponent /> it matches the snapshot 1`] = `
<fieldset
  style={
    Object {
      "backgroundColor": undefined,
    }
  }
>
  <legend>
    Test
  </legend>
  <div
    style={
      Object {
        "backgroundColor": undefined,
        "height": "100%",
        "position": "relative",
        "width": "100%",
      }
    }
  />
</fieldset>
`;
