// Jest Snapshot v1, https://goo.gl/fbAQLP

exports[`<GroupingContainerComponent /> it matches the snapshot 1`] = `
<div
  style={
    Object {
      "backgroundColor": "transparent",
      "height": "100%",
      "outline": "1px solid black",
      "outlineOffset": "-5px",
      "width": "100%",
    }
  }
>
  <div
    style={
      Object {
        "backgroundColor": "rgba(255,255,255,255)",
        "left": "20px",
        "position": "absolute",
        "top": "0",
      }
    }
  >
    Test
  </div>
  <div
    style={
      Object {
        "height": "calc(100% - 35px)",
        "left": "16px",
        "overflow": "hidden",
        "position": "relative",
        "top": "16px",
        "width": "calc(100% - 35px)",
      }
    }
  />
</div>
`;
