// Jest Snapshot v1, https://goo.gl/fbAQLP

exports[`<ActionButton /> it matches the snapshot 1`] = `
<button
  className="actionbutton"
  onClick={[Function]}
  style={
    Object {
      "backgroundColor": undefined,
      "color": undefined,
      "outline": undefined,
      "outlineOffset": undefined,
      "overflow": "hidden",
      "visibility": undefined,
    }
  }
>
  <span>
    hello
  </span>
</button>
`;
