// Jest Snapshot v1, https://goo.gl/fbAQLP

exports[`<ActionButton /> it matches the snapshot 1`] = `
<button
  className="actionbutton"
  onClick={[MockFunction]}
  style={
    Object {
      "backgroundColor": undefined,
      "color": undefined,
      "cursor": undefined,
      "visibility": undefined,
      "whiteSpace": "normal",
    }
  }
>
  <span
    style={
      Object {
        "whiteSpace": "normal",
      }
    }
  >
    hello
  </span>
</button>
`;
