// Jest Snapshot v1, https://goo.gl/fbAQLP

exports[`<Footer /> it matches the snapshot 1`] = `
<footer
  style={
    Object {
      "color": "var(--light-text)",
      "fontSize": "1.3rem",
      "height": "5vh",
    }
  }
>
  <p>
    cs-web-proto version 
     
  </p>
  <p>
    Copyright © Diamond Light Source Ltd.
  </p>
  <p>
    <a
      href="https://www.diamond.ac.uk"
    >
      www.diamond.ac.uk
    </a>
  </p>
</footer>
`;
