// Jest Snapshot v1, https://goo.gl/fbAQLP

exports[`<MenuButton /> it matches the snapshot 1`] = `
<select
  onChange={[Function]}
  onMouseDown={[Function]}
  style={
    Object {
      "backgroundColor": undefined,
      "color": undefined,
      "cursor": "default",
      "height": "100%",
      "textAlignLast": "center",
      "visibility": undefined,
      "width": "100%",
    }
  }
  value={0}
>
  <option
    disabled={false}
    value={0}
  >
    zero
  </option>
  <option
    disabled={false}
    value={1}
  >
    one
  </option>
  <option
    disabled={false}
    value={2}
  >
    two
  </option>
  <option
    disabled={false}
    value={3}
  >
    three
  </option>
  <option
    disabled={false}
    value={4}
  >
    four
  </option>
  <option
    disabled={false}
    value={5}
  >
    five
  </option>
</select>
`;
