// Jest Snapshot v1, https://goo.gl/fbAQLP

exports[`<Input /> it matches the snapshot 1`] = `
Array [
  <input
    onChange={[Function]}
    onKeyDown={[Function]}
    type="text"
    value=""
  />,
  <input
    onChange={[Function]}
    onKeyDown={[Function]}
    type="text"
    value=""
  />,
]
`;
