// Jest Snapshot v1, https://goo.gl/fbAQLP

exports[`<Input /> it matches the snapshot 1`] = `
<table
  style={
    Object {
      "borderCollapse": "collapse",
      "display": "block",
      "position": "relative",
      "tableLayout": "fixed",
      "width": "100%",
    }
  }
>
  <tbody
    style={
      Object {
        "display": "table",
        "width": "100%",
      }
    }
  >
    <tr>
      <th
        style={
          Object {
            "width": "50%",
          }
        }
      >
        Macro name
      </th>
      <th
        style={
          Object {
            "width": "50%",
          }
        }
      >
        Macro value
      </th>
    </tr>
    <tr>
      <td>
        a
      </td>
      <td>
        b
      </td>
    </tr>
  </tbody>
</table>
`;
