// Jest Snapshot v1, https://goo.gl/fbAQLP

exports[`<MenuMux /> it matches the snapshot 1`] = `
<select
  onChange={[MockFunction]}
  style={
    Object {
      "width": "100%",
    }
  }
  value="a"
>
  <option
    value="a"
  >
    A
  </option>
  <option
    value="b"
  >
    B
  </option>
</select>
`;
