// Jest Snapshot v1, https://goo.gl/fbAQLP

exports[`<Input /> it matches the snapshot 1`] = `
<div
  className="BaseWidget"
  onClick={[Function]}
  style={Object {}}
>
  <span
    className="tooltiptext"
  >
    pv
    <br />
    [
    hello, 2019-08-21 11:58:00
    ]
  </span>
  <input
    onBlur={[Function]}
    onChange={[Function]}
    onClick={[Function]}
    onKeyDown={[Function]}
    type="text"
    value="hello"
  />
</div>
`;
