// Jest Snapshot v1, https://goo.gl/fbAQLP

exports[`<Image /> it matches the snapshot 1`] = `
<div
  style={
    Object {
      "overflow": "auto",
      "textAlign": "left",
    }
  }
>
  <img
    src="myimage"
    style={
      Object {
        "height": undefined,
        "width": undefined,
      }
    }
  />
</div>
`;
