// Jest Snapshot v1, https://goo.gl/fbAQLP

exports[`<Label Label /> it matches the snapshot 1`] = `
<div
  className="Label Label"
  style={
    Object {
      "backgroundColor": undefined,
      "color": undefined,
      "justifyContent": "center",
      "opacity": undefined,
      "transform": undefined,
      "visibility": undefined,
    }
  }
>
  hello
</div>
`;
