// Jest Snapshot v1, https://goo.gl/fbAQLP

exports[`matches snapshot 1`] = `
<div
  style={
    Object {
      "backgroundColor": "transparent",
    }
  }
>
  <div
    style={
      Object {
        "backgroundColor": "transparent",
      }
    }
  >
    <img
      alt=""
      src="http://localhost:3000/img/undefined"
      style={
        Object {
          "height": "undefinedpx",
          "width": "undefinedpx",
        }
      }
    />
  </div>
</div>
`;
