// Jest Snapshot v1, https://goo.gl/fbAQLP

exports[`<Symbol /> matches snapshot 1`] = `
<DocumentFragment>
  <div
    style="overflow: hidden; text-align: left;"
  >
    <img
      src="img 1.gif"
      style="display: block; transform: rotate(0deg) scaleX(1) scaleY(1);"
    />
  </div>
  <div
    style="background-color: transparent; position: absolute; height: 100%; width: 100%; top: 0px; left: 0px; display: flex; align-items: center; justify-content: center;"
  >
    <div
      style="padding: 5%;"
    >
      <div
        class="Label Label"
        style="background-color: transparent; cursor: default; justify-content: center;"
      >
        Fake value
      </div>
    </div>
  </div>
</DocumentFragment>
`;
