// Jest Snapshot v1, https://goo.gl/fbAQLP

exports[`<Readback /> it matches the snapshot 1`] = `
<div
  className="Readback"
  style={
    Object {
      "backgroundColor": undefined,
      "color": undefined,
      "justifyContent": "center",
      "opacity": undefined,
      "visibility": undefined,
    }
  }
>
  3.14
</div>
`;
